This is line 1041
This is line 1042
This is line 1043
This is line 1044
This is line 1045
This is line 1046
This is line 1047
This is line 1048
This is line 1049
This is line 1050 End of File
