This is Line Nine
This is line 10
11
12
13
14
15
16
17
This is the end of the file.
