THIS IS REALLY LONGTHIS IS REALLY LONGTHIS IS REALLY LONGTHIS IS REALLY LONGTHIS IS REALLY LONGTHIS IS REALLY LONGTHIS IS REALLY LONGTHIS IS REALLY LONGTHIS IS REALLY LONGTHIS IS REALLY LONGTHIS IS REALLY LONGTHIS IS REALLY LONGTHIS IS REALLY LONGTHIS IS REALLY LONGTHIS IS REALLY LONGTHIS IS REALLY LONGTHIS IS REALLY LONGTHIS IS REALLY LONGTHIS IS REALLY LONGTHIS IS REALLY LONGTHIS IS REALLY LONGTHIS IS REALLY LONGTHIS IS REALLY LONGTHIS IS REALLY LONGTHIS IS REALLY LONGTHIS IS REALLY LONGTHIS IS REALLY LONGTHIS IS REALLY LONGTHIS IS REALLY LONGTHIS IS REALLY LONGTHIS IS REALLY LONGTHIS IS REALLY LONGTHIS IS REALLY LONGTHIS IS REALLY LONGTHIS IS REALLY LONGTHIS IS REALLY LONGTHIS IS REALLY LONGTHIS IS REALLY LONGTHIS IS REALLY LONGTHIS IS REALLY LONGTHIS IS REALLY LONGTHIS IS REALLY LONGTHIS IS REALLY LONGTHIS IS REALLY LONGTHIS IS REALLY LONGTHIS IS REALLY LONGTHIS IS REALLY LONGTHIS IS REALLY LONGTHIS IS REALLY LONGTHIS IS REALLY LONGTHIS IS REALLY LONGTHIS IS REALLY LONGTHIS IS REALLY LONGTHIS IS REALLY LONGTHIS IS REALLY LONGTHIS IS REALLY LONGTHIS IS REALLY LONGTHIS IS REALLY LONGTHIS IS REALLY LONGTHIS IS REALLY LONGTHIS IS REALLY LONGTHIS IS REALLY LONGTHIS IS REALLY LONGTHIS IS REALLY LONGTHIS IS REALLY LONGTHIS IS REALLY LONGTHIS IS REALLY LONGTHIS IS REALLY LONGTHIS IS REALLY LONGTHIS IS REALLY LONGTHIS IS REALLY LONGTHIS IS REALLY LONGTHIS IS REALLY LONGTHIS IS REALLY LONGTHIS IS REALLY LONGTHIS IS REALLY LONGTHIS IS REALLY LONGTHIS IS REALLY LONGTHIS IS REALLY LONGTHIS IS REALLY LONGTHIS IS REALLY LONGTHIS IS REALLY LONGTHIS IS REALLY LONGTHIS IS REALLY LONGTHIS IS REALLY LONGTHIS IS REALLY LONGTHIS IS REALLY LONGTHIS IS REALLY LONGTHIS IS REALLY LONGTHIS IS REALLY LONGTHIS IS REALLY LONGTHIS IS REALLY LONGTHIS IS REALLY LONGTHIS IS REALLY LONGTHIS IS REALLY LONGTHIS IS REALLY LONGTHIS IS REALLY LONGTHIS IS REALLY LONGTHIS IS REALLY LONGTHIS IS REALLY LONGTHIS IS REALLY LONGTHIS IS REALLY LONGTHIS IS REALLY LONGTHIS IS REALLY LONGTHIS IS REALLY LONGTHIS IS REALLY LONGTHIS IS REALLY LONGTHIS IS REALLY LONGTHIS IS REALLY LONGTHIS IS REALLY LONGTHIS IS REALLY LONGTHIS IS REALLY LONGTHIS IS REALLY LONGTHIS IS REALLY LONGTHIS IS REALLY LONGTHIS IS REALLY LONGTHIS IS REALLY LONGTHIS IS REALLY LONGTHIS IS REALLY LONGTHIS IS REALLY LONGTHIS IS REALLY LONGTHIS IS REALLY LONGTHIS IS REALLY LONGTHIS IS REALLY LONGTHIS IS REALLY LONGTHIS IS REALLY LONGTHIS IS REALLY LONGTHIS IS REALLY LONGTHIS IS REALLY LONGTHIS IS REALLY LONGTHIS IS REALLY LONGTHIS IS REALLY LONGTHIS IS REALLY LONGTHIS IS REALLY LONGTHIS IS REALLY LONGTHIS IS REALLY LONGTHIS IS REALLY LONGTHIS IS REALLY LONGTHIS IS REALLY LONGTHIS IS REALLY LONGTHIS IS REALLY LONGTHIS IS REALLY LONGTHIS IS REALLY LONGTHIS IS REALLY LONGTHIS IS REALLY LONGTHIS IS REALLY LONGTHIS IS REALLY LONGTHIS IS REALLY LONGTHIS IS REALLY LONGTHIS IS REALLY LONGTHIS IS REALLY LONGTHIS IS REALLY LONGTHIS IS REALLY LONGTHIS IS REALLY LONGTHIS IS REALLY LONGTHIS IS REALLY LONGTHIS IS REALLY LONGTHIS IS REALLY LONGTHIS IS REALLY LONGTHIS IS REALLY LONGTHIS IS REALLY LONGTHIS IS REALLY LONGTHIS IS REALLY LONGTHIS IS REALLY LONGTHIS IS REALLY LONGTHIS IS REALLY LONGTHIS IS REALLY LONGTHIS IS REALLY LONGTHIS IS REALLY LONGTHIS IS REALLY LONGTHIS IS REALLY LONGTHIS IS REALLY LONGTHIS IS REALLY LONGTHIS IS REALLY LONGTHIS IS REALLY LONGTHIS IS REALLY LONGTHIS IS REALLY LONGTHIS IS REALLY LONGTHIS IS REALLY LONGTHIS IS REALLY LONGTHIS IS REALLY LONGTHIS IS REALLY LONGTHIS IS REALLY LONGTHIS IS REALLY LONGTHIS IS REALLY LONGTHIS IS REALLY LONGTHIS IS REALLY LONGTHIS IS REALLY LONGTHIS IS REALLY LONGTHIS IS REALLY LONGTHIS IS REALLY LONGTHIS IS REALLY LONGTHIS IS REALLY LONGTHIS IS REALLY LONGTHIS IS REALLY LONGTHIS IS REALLY LONGTHIS IS REALLY LONGTHIS IS REALLY LONGTHIS IS REALLY LONGTHIS IS REALLY LONGTHIS IS REALLY LONGTHIS IS REALLY LONGTHIS IS REALLY LONGTHIS IS REALLY LONGTHIS IS REALLY LONGTHIS IS REALLY LONGTHIS IS REALLY LONGTHIS IS REALLY LONGTHIS IS REALLY LONGTHIS IS REALLY LONGTHIS IS REALLY LONGTHIS IS REALLY LONGTHIS IS REALLY LONGTHIS IS REALLY LONGTHIS IS REALLY LONGTHIS IS REALLY LONGTHIS IS REALLY LONGTHIS IS REALLY LONGTHIS IS REALLY LONGTHIS IS REALLY LONGTHIS IS REALLY LONGTHIS IS REALLY LONGTHIS IS REALLY LONGTHIS IS REALLY LONGTHIS IS REALLY LONGTHIS IS REALLY LONGTHIS IS REALLY LONGTHIS IS REALLY LONGTHIS IS REALLY LONGTHIS IS REALLY LONGTHIS IS REALLY LONGTHIS IS REALLY LONGTHIS IS REALLY LONGTHIS IS REALLY LONGTHIS IS REALLY LONGTHIS IS REALLY LONGTHIS IS REALLY LONGTHIS IS REALLY LONGTHIS IS REALLY LONGTHIS IS REALLY LONGTHIS IS REALLY LONGTHIS IS REALLY LONGTHIS IS REALLY LONGTHIS IS REALLY LONGTHIS IS REALLY LONGTHIS IS REALLY LONGTHIS IS REALLY LONGTHIS IS REALLY LONGTHIS IS REALLY LONGTHIS IS REALLY LONGTHIS IS REALLY LONGTHIS IS REALLY LONGTHIS IS REALLY LONGTHIS IS REALLY LONGTHIS IS REALLY LONGTHIS IS REALLY LONGTHIS IS REALLY LONGTHIS IS REALLY LONGTHIS IS REALLY LONGTHIS IS REALLY LONGTHIS IS REALLY LONGTHIS IS REALLY LONGTHIS IS REALLY LONGTHIS IS REALLY LONGTHIS IS REALLY LONGTHIS IS REALLY LONGTHIS IS REALLY LONGTHIS IS REALLY LONGTHIS IS REALLY LONGTHIS IS REALLY LONG But This is the End of the File.
